// Jest Snapshot v1, https://goo.gl/fbAQLP

exports[`Componente de Transação do extrato Deve retornar sempre o mesmo snapshot 1`] = `
<div
  class="transacao-container"
>
  <p>
    07/08/2021
  </p>
  <p>
    saque
  </p>
  <p>
    R$ 
    50.00
  </p>
</div>
`;
